[
    {
        "ontology_name": "NA",
        "observationVariableDbId": "188",
        "institution": "VIB",
        "scale": {
            "decimalPlaces": 2,
            "dataType": "numeric",
            "validValues": {
                "max": 1000
            },
            "name": "mm"
        },
        "observationVariableName": "CDZSL_188",
        "name": "cellDivisionZoneLengthLeaf",
        "trait": {
            "name": "cellDivisionZoneLengthLeaf",
            "description": "size of the cell division zone at the basis of a leaf"
        },
        "source": "VIB",
        "studyDbIds": [
            "dXJuOlZJQi9zdHVkeS9WSUJfc3R1ZHlfX180Ng==",
            "dXJuOlZJQi9zdHVkeS9WSUJfc3R1ZHlfX180OA=="
        ],
        "observationVariableURI": "urn:VIB/observationVariable/188",
        "@type": "observationVariable",
        "@id": "urn:VIB/observationVariable/188",
        "schema:includedInDataCatalog": "http://pippa.psb.ugent.be",
        "schema:identifier": "188",
        "schema:name": "CDZSL_188",
        "studyURIs": [
            "urn:VIB/study/VIB_study___46",
            "urn:VIB/study/VIB_study___48"
        ]
    },
    {
        "ontology_name": "NA",
        "observationVariableDbId": "217",
        "institution": "VIB",
        "scale": {
            "decimalPlaces": 2,
            "dataType": "numeric",
            "name": "mm"
        },
        "observationVariableName": "EH_217",
        "name": "earHeight",
        "trait": {
            "name": "earHeight"
        },
        "source": "VIB",
        "studyDbIds": [
            "dXJuOlZJQi9zdHVkeS9WSUJfc3R1ZHlfX181NQ=="
        ],
        "observationVariableURI": "urn:VIB/observationVariable/217",
        "@type": "observationVariable",
        "@id": "urn:VIB/observationVariable/217",
        "schema:includedInDataCatalog": "http://pippa.psb.ugent.be",
        "schema:identifier": "217",
        "schema:name": "EH_217",
        "studyURIs": [
            "urn:VIB/study/VIB_study___55"
        ]
    },
    {
        "ontology_name": "NA",
        "observationVariableDbId": "195",
        "institution": "VIB",
        "scale": {
            "decimalPlaces": 2,
            "dataType": "numeric",
            "validValues": {
                "max": 100000
            },
            "name": "mm"
        },
        "observationVariableName": "FLL_195",
        "name": "finalLeafLength",
        "trait": {
            "name": "finalLeafLength",
            "description": "length of a leaf at the end of its elongation"
        },
        "source": "VIB",
        "studyDbIds": [
            "dXJuOlZJQi9zdHVkeS9WSUJfc3R1ZHlfX180Ng==",
            "dXJuOlZJQi9zdHVkeS9WSUJfc3R1ZHlfX180OA=="
        ],
        "observationVariableURI": "urn:VIB/observationVariable/195",
        "@type": "observationVariable",
        "@id": "urn:VIB/observationVariable/195",
        "schema:includedInDataCatalog": "http://pippa.psb.ugent.be",
        "schema:identifier": "195",
        "schema:name": "FLL_195",
        "studyURIs": [
            "urn:VIB/study/VIB_study___46",
            "urn:VIB/study/VIB_study___48"
        ]
    },
    {
        "ontology_name": "TO:0000540",
        "observationVariableDbId": "60",
        "institution": "VIB",
        "scale": {
            "decimalPlaces": 2,
            "dataType": "numeric",
            "validValues": {
                "min": 0,
                "max": 50000
            },
            "name": "mm2"
        },
        "observationVariableName": "LA_60",
        "name": "leafArea",
        "trait": {
            "name": "leafArea",
            "traitDbId": "TO:0000540",
            "description": "a leaf anatomy and morphology trait (TO:0000748) which is associated with the total area of a leaf (PO:0025034)"
        },
        "source": "VIB",
        "studyDbIds": [
            "dXJuOlZJQi9zdHVkeS9WSUJfc3R1ZHlfX180Ng==",
            "dXJuOlZJQi9zdHVkeS9WSUJfc3R1ZHlfX180OA=="
        ],
        "observationVariableURI": "urn:VIB/observationVariable/60",
        "@type": "observationVariable",
        "@id": "urn:VIB/observationVariable/60",
        "schema:includedInDataCatalog": "http://pippa.psb.ugent.be",
        "schema:identifier": "60",
        "schema:name": "LA_60",
        "studyURIs": [
            "urn:VIB/study/VIB_study___46",
            "urn:VIB/study/VIB_study___48"
        ]
    },
    {
        "ontology_name": "TO:0000891",
        "observationVariableDbId": "71",
        "institution": "VIB",
        "scale": {
            "decimalPlaces": 2,
            "dataType": "numeric",
            "validValues": {
                "min": 0,
                "max": 300
            },
            "name": "g"
        },
        "observationVariableName": "LFW_71",
        "name": "leafFreshWeight",
        "trait": {
            "name": "leafFreshWeight",
            "traitDbId": "TO:0000891",
            "description": "a leaf weight trait (TO:0000505) which is associated with the measure of the wet weight of a leaf (PO:0025034)"
        },
        "source": "VIB",
        "studyDbIds": [
            "dXJuOlZJQi9zdHVkeS9WSUJfc3R1ZHlfX180Ng==",
            "dXJuOlZJQi9zdHVkeS9WSUJfc3R1ZHlfX180OA=="
        ],
        "observationVariableURI": "urn:VIB/observationVariable/71",
        "@type": "observationVariable",
        "@id": "urn:VIB/observationVariable/71",
        "schema:includedInDataCatalog": "http://pippa.psb.ugent.be",
        "schema:identifier": "71",
        "schema:name": "LFW_71",
        "studyURIs": [
            "urn:VIB/study/VIB_study___46",
            "urn:VIB/study/VIB_study___48"
        ]
    },
    {
        "ontology_name": "NA",
        "observationVariableDbId": "186",
        "institution": "VIB",
        "scale": {
            "decimalPlaces": 2,
            "dataType": "numeric",
            "validValues": {
                "max": 300
            },
            "name": "g"
        },
        "observationVariableName": "LLFW_186",
        "name": "leafLaminaFreshWeight",
        "trait": {
            "name": "leafLaminaFreshWeight",
            "description": "fresh weight of the leaf lamina (leaf without periole or sheat)"
        },
        "source": "VIB",
        "studyDbIds": [
            "dXJuOlZJQi9zdHVkeS9WSUJfc3R1ZHlfX180Ng==",
            "dXJuOlZJQi9zdHVkeS9WSUJfc3R1ZHlfX180OA=="
        ],
        "observationVariableURI": "urn:VIB/observationVariable/186",
        "@type": "observationVariable",
        "@id": "urn:VIB/observationVariable/186",
        "schema:includedInDataCatalog": "http://pippa.psb.ugent.be",
        "schema:identifier": "186",
        "schema:name": "LLFW_186",
        "studyURIs": [
            "urn:VIB/study/VIB_study___46",
            "urn:VIB/study/VIB_study___48"
        ]
    },
    {
        "ontology_name": "TO:0000135",
        "observationVariableDbId": "65",
        "institution": "VIB",
        "scale": {
            "decimalPlaces": 2,
            "dataType": "numeric",
            "validValues": {
                "min": 0,
                "max": 250
            },
            "name": "cm"
        },
        "observationVariableName": "LL_65",
        "name": "leafLength",
        "trait": {
            "name": "leafLength",
            "traitDbId": "TO:0000135",
            "description": "actual measurements in centimeters of the leaf"
        },
        "source": "VIB",
        "studyDbIds": [
            "dXJuOlZJQi9zdHVkeS9WSUJfc3R1ZHlfX180Ng==",
            "dXJuOlZJQi9zdHVkeS9WSUJfc3R1ZHlfX180OA=="
        ],
        "observationVariableURI": "urn:VIB/observationVariable/65",
        "@type": "observationVariable",
        "@id": "urn:VIB/observationVariable/65",
        "schema:includedInDataCatalog": "http://pippa.psb.ugent.be",
        "schema:identifier": "65",
        "schema:name": "LL_65",
        "studyURIs": [
            "urn:VIB/study/VIB_study___46",
            "urn:VIB/study/VIB_study___48"
        ]
    },
    {
        "ontology_name": "TO:0000241",
        "observationVariableDbId": "50",
        "institution": "VIB",
        "scale": {
            "decimalPlaces": 2,
            "dataType": "numeric",
            "validValues": {
                "min": 0,
                "max": 50
            }
        },
        "observationVariableName": "LN_50",
        "name": "leafNumber",
        "trait": {
            "name": "leafNumber",
            "traitDbId": "TO:0000241",
            "description": "a leaf anatomy and morphology trait (TO:0000748) which is associated with the number of leaves in a plant at a particular growth stage"
        },
        "source": "VIB",
        "studyDbIds": [
            "dXJuOlZJQi9zdHVkeS9WSUJfc3R1ZHlfX180OA==",
            "dXJuOlZJQi9zdHVkeS9WSUJfc3R1ZHlfX180Ng=="
        ],
        "observationVariableURI": "urn:VIB/observationVariable/50",
        "@type": "observationVariable",
        "@id": "urn:VIB/observationVariable/50",
        "schema:includedInDataCatalog": "http://pippa.psb.ugent.be",
        "schema:identifier": "50",
        "schema:name": "LN_50",
        "studyURIs": [
            "urn:VIB/study/VIB_study___48",
            "urn:VIB/study/VIB_study___46"
        ]
    },
    {
        "ontology_name": "TO:0000370",
        "observationVariableDbId": "66",
        "institution": "VIB",
        "scale": {
            "decimalPlaces": 2,
            "dataType": "numeric",
            "validValues": {
                "min": 0,
                "max": 50
            },
            "name": "cm"
        },
        "observationVariableName": "LW_66",
        "name": "leafWidth",
        "trait": {
            "name": "leafWidth",
            "traitDbId": "TO:0000370",
            "description": "actual measurements, in centimeters of the widest portion of the leaf; to be precise use the children terms leaf lamina width (TO:0002720) or 'leaf sheath width (TO:0002721)"
        },
        "source": "VIB",
        "studyDbIds": [
            "dXJuOlZJQi9zdHVkeS9WSUJfc3R1ZHlfX180Ng==",
            "dXJuOlZJQi9zdHVkeS9WSUJfc3R1ZHlfX180OA=="
        ],
        "observationVariableURI": "urn:VIB/observationVariable/66",
        "@type": "observationVariable",
        "@id": "urn:VIB/observationVariable/66",
        "schema:includedInDataCatalog": "http://pippa.psb.ugent.be",
        "schema:identifier": "66",
        "schema:name": "LW_66",
        "studyURIs": [
            "urn:VIB/study/VIB_study___46",
            "urn:VIB/study/VIB_study___48"
        ]
    },
    {
        "ontology_name": "NA",
        "observationVariableDbId": "216",
        "institution": "VIB",
        "scale": {
            "decimalPlaces": 2,
            "dataType": "numeric",
            "name": "mm"
        },
        "observationVariableName": "PH_216",
        "name": "plantHeight",
        "trait": {
            "name": "plantHeight"
        },
        "source": "VIB",
        "studyDbIds": [
            "dXJuOlZJQi9zdHVkeS9WSUJfc3R1ZHlfX181NQ=="
        ],
        "observationVariableURI": "urn:VIB/observationVariable/216",
        "@type": "observationVariable",
        "@id": "urn:VIB/observationVariable/216",
        "schema:includedInDataCatalog": "http://pippa.psb.ugent.be",
        "schema:identifier": "216",
        "schema:name": "PH_216",
        "studyURIs": [
            "urn:VIB/study/VIB_study___55"
        ]
    },
    {
        "ontology_name": "NA",
        "observationVariableDbId": "215",
        "institution": "VIB",
        "scale": {
            "decimalPlaces": 2,
            "dataType": "numeric"
        },
        "observationVariableName": "PS_215",
        "name": "pollenShedding",
        "trait": {
            "name": "pollenShedding"
        },
        "source": "VIB",
        "studyDbIds": [
            "dXJuOlZJQi9zdHVkeS9WSUJfc3R1ZHlfX181NQ=="
        ],
        "observationVariableURI": "urn:VIB/observationVariable/215",
        "@type": "observationVariable",
        "@id": "urn:VIB/observationVariable/215",
        "schema:includedInDataCatalog": "http://pippa.psb.ugent.be",
        "schema:identifier": "215",
        "schema:name": "PS_215",
        "studyURIs": [
            "urn:VIB/study/VIB_study___55"
        ]
    },
    {
        "ontology_name": "TO:0000552",
        "observationVariableDbId": "54",
        "institution": "VIB",
        "scale": {
            "decimalPlaces": 2,
            "dataType": "numeric",
            "validValues": {
                "min": 0,
                "max": 10000
            },
            "name": "g"
        },
        "observationVariableName": "SDW_54",
        "name": "shootDryWeight",
        "trait": {
            "name": "shootDryWeight",
            "traitDbId": "TO:0000552",
            "description": "the dry weight of the shoot without inflorescence"
        },
        "source": "VIB",
        "studyDbIds": [
            "dXJuOlZJQi9zdHVkeS9WSUJfc3R1ZHlfX180Ng==",
            "dXJuOlZJQi9zdHVkeS9WSUJfc3R1ZHlfX180OA=="
        ],
        "observationVariableURI": "urn:VIB/observationVariable/54",
        "@type": "observationVariable",
        "@id": "urn:VIB/observationVariable/54",
        "schema:includedInDataCatalog": "http://pippa.psb.ugent.be",
        "schema:identifier": "54",
        "schema:name": "SDW_54",
        "studyURIs": [
            "urn:VIB/study/VIB_study___46",
            "urn:VIB/study/VIB_study___48"
        ]
    },
    {
        "ontology_name": "TO:0000571",
        "observationVariableDbId": "52",
        "institution": "VIB",
        "scale": {
            "decimalPlaces": 2,
            "dataType": "numeric",
            "validValues": {
                "min": 0,
                "max": 10000
            },
            "name": "g"
        },
        "observationVariableName": "SFW_52",
        "name": "shootFreshWeight",
        "trait": {
            "name": "shootFreshWeight",
            "traitDbId": "TO:0000571",
            "description": "fresh weight of the shoot without inflorescence"
        },
        "source": "VIB",
        "studyDbIds": [
            "dXJuOlZJQi9zdHVkeS9WSUJfc3R1ZHlfX180Ng==",
            "dXJuOlZJQi9zdHVkeS9WSUJfc3R1ZHlfX180OA=="
        ],
        "observationVariableURI": "urn:VIB/observationVariable/52",
        "@type": "observationVariable",
        "@id": "urn:VIB/observationVariable/52",
        "schema:includedInDataCatalog": "http://pippa.psb.ugent.be",
        "schema:identifier": "52",
        "schema:name": "SFW_52",
        "studyURIs": [
            "urn:VIB/study/VIB_study___46",
            "urn:VIB/study/VIB_study___48"
        ]
    },
    {
        "ontology_name": "NA",
        "observationVariableDbId": "218",
        "institution": "VIB",
        "scale": {
            "decimalPlaces": 2,
            "dataType": "numeric",
            "name": "g"
        },
        "observationVariableName": "TGY_218",
        "name": "transformedGrainYield",
        "trait": {
            "name": "transformedGrainYield"
        },
        "source": "VIB",
        "studyDbIds": [
            "dXJuOlZJQi9zdHVkeS9WSUJfc3R1ZHlfX181NQ=="
        ],
        "observationVariableURI": "urn:VIB/observationVariable/218",
        "@type": "observationVariable",
        "@id": "urn:VIB/observationVariable/218",
        "schema:includedInDataCatalog": "http://pippa.psb.ugent.be",
        "schema:identifier": "218",
        "schema:name": "TGY_218",
        "studyURIs": [
            "urn:VIB/study/VIB_study___55"
        ]
    }
]