[
    {
        "countryOfOriginCode": "BE",
        "instituteCode": "VIB",
        "accessionNumber": "1184",
        "defaultDisplayName": "RIL_8W_EP33_20",
        "germplasmDbId": "dXJuOlZJQi9nZXJtcGxhc20vWmVhX1ZJQl9SSUxfOFdfRVAzM18yMF9fXzExODQ=",
        "germplasmName": "RIL_8W_EP33_20",
        "commonCropName": "Maize",
        "instituteName": "VIB",
        "species": "mays",
        "genus": "Zea",
        "source": "VIB",
        "studyDbIds": [
            "dXJuOlZJQi9zdHVkeS9WSUJfc3R1ZHlfX181NQ=="
        ],
        "germplasmURI": "urn:VIB/germplasm/Zea_VIB_RIL_8W_EP33_20___1184",
        "@type": "germplasm",
        "@id": "urn:VIB/germplasm/Zea_VIB_RIL_8W_EP33_20___1184",
        "schema:includedInDataCatalog": "http://pippa.psb.ugent.be",
        "schema:identifier": "Zea_VIB_RIL_8W_EP33_20___1184",
        "schema:name": "RIL_8W_EP33_20",
        "studyURIs": [
            "urn:VIB/study/VIB_study___55"
        ],
        "genusSpecies": "Zea mays"
    },
    {
        "countryOfOriginCode": "BE",
        "instituteCode": "VIB",
        "accessionNumber": "160",
        "defaultDisplayName": "RIL_8W_59 RIL 8-way ",
        "germplasmDbId": "dXJuOlZJQi9nZXJtcGxhc20vWmVhX1ZJQl9SSUxfOFdfNTlSSUw4d2F5X19fMTYw",
        "germplasmName": "RIL_8W_59 RIL 8-way ",
        "commonCropName": "Maize",
        "instituteName": "VIB",
        "species": "mays",
        "genus": "Zea",
        "source": "VIB",
        "studyDbIds": [
            "dXJuOlZJQi9zdHVkeS9WSUJfc3R1ZHlfX181NQ==",
            "dXJuOlZJQi9zdHVkeS9WSUJfc3R1ZHlfX180Ng=="
        ],
        "germplasmURI": "urn:VIB/germplasm/Zea_VIB_RIL_8W_59RIL8way___160",
        "@type": "germplasm",
        "@id": "urn:VIB/germplasm/Zea_VIB_RIL_8W_59RIL8way___160",
        "schema:includedInDataCatalog": "http://pippa.psb.ugent.be",
        "schema:identifier": "Zea_VIB_RIL_8W_59RIL8way___160",
        "schema:name": "RIL_8W_59 RIL 8-way ",
        "studyURIs": [
            "urn:VIB/study/VIB_study___55",
            "urn:VIB/study/VIB_study___46"
        ],
        "genusSpecies": "Zea mays"
    },
    {
        "countryOfOriginCode": "BE",
        "instituteCode": "VIB",
        "accessionNumber": "183",
        "defaultDisplayName": "RIL_8W_75 RIL 8-way ",
        "germplasmDbId": "dXJuOlZJQi9nZXJtcGxhc20vWmVhX1ZJQl9SSUxfOFdfNzVSSUw4d2F5X19fMTgz",
        "germplasmName": "RIL_8W_75 RIL 8-way ",
        "commonCropName": "Maize",
        "instituteName": "VIB",
        "species": "mays",
        "genus": "Zea",
        "source": "VIB",
        "studyDbIds": [
            "dXJuOlZJQi9zdHVkeS9WSUJfc3R1ZHlfX180OA==",
            "dXJuOlZJQi9zdHVkeS9WSUJfc3R1ZHlfX181NQ=="
        ],
        "germplasmURI": "urn:VIB/germplasm/Zea_VIB_RIL_8W_75RIL8way___183",
        "@type": "germplasm",
        "@id": "urn:VIB/germplasm/Zea_VIB_RIL_8W_75RIL8way___183",
        "schema:includedInDataCatalog": "http://pippa.psb.ugent.be",
        "schema:identifier": "Zea_VIB_RIL_8W_75RIL8way___183",
        "schema:name": "RIL_8W_75 RIL 8-way ",
        "studyURIs": [
            "urn:VIB/study/VIB_study___48",
            "urn:VIB/study/VIB_study___55"
        ],
        "genusSpecies": "Zea mays"
    },
    {
        "countryOfOriginCode": "BE",
        "instituteCode": "VIB",
        "accessionNumber": "177",
        "defaultDisplayName": "RIL_8W_81 RIL 8-way ",
        "germplasmDbId": "dXJuOlZJQi9nZXJtcGxhc20vWmVhX1ZJQl9SSUxfOFdfODFSSUw4d2F5X19fMTc3",
        "germplasmName": "RIL_8W_81 RIL 8-way ",
        "commonCropName": "Maize",
        "instituteName": "VIB",
        "species": "mays",
        "genus": "Zea",
        "source": "VIB",
        "studyDbIds": [
            "dXJuOlZJQi9zdHVkeS9WSUJfc3R1ZHlfX180OA==",
            "dXJuOlZJQi9zdHVkeS9WSUJfc3R1ZHlfX181NQ=="
        ],
        "germplasmURI": "urn:VIB/germplasm/Zea_VIB_RIL_8W_81RIL8way___177",
        "@type": "germplasm",
        "@id": "urn:VIB/germplasm/Zea_VIB_RIL_8W_81RIL8way___177",
        "schema:includedInDataCatalog": "http://pippa.psb.ugent.be",
        "schema:identifier": "Zea_VIB_RIL_8W_81RIL8way___177",
        "schema:name": "RIL_8W_81 RIL 8-way ",
        "studyURIs": [
            "urn:VIB/study/VIB_study___48",
            "urn:VIB/study/VIB_study___55"
        ],
        "genusSpecies": "Zea mays"
    }
]